// Jest Snapshot v1, https://goo.gl/fbAQLP

exports[`matches snapshot 1`] = `
<DocumentFragment>
  <div
    class="App"
  >
    <div
      id="Part1"
    >
      <div>
        <div
          class="BoxList"
        >
          <form
            id="new-box-form"
          >
            <label
              for="width"
            >
              Width:
            </label>
            <input
              id="width"
              name="width"
              required=""
              type="number"
              value="50"
            />
            <label
              for="height"
            >
              Height:
            </label>
            <input
              id="height"
              name="height"
              required=""
              type="number"
              value="50"
            />
            <label
              for="color"
            >
              Color:
            </label>
            <input
              id="color"
              name="color"
              type="color"
              value="#000000"
            />
            <button
              id="form-btn"
            >
              Add!
            </button>
          </form>
        </div>
        <div
          class="BoxList"
        />
      </div>
    </div>
    <div
      id="Part2"
    >
      <div>
        <div
          class="ToDoList"
        >
          <form
            id="new-todo-form"
          >
            <label
              for="text"
            >
              ToDo:
            </label>
            <input
              id="text"
              name="text"
              required=""
              type="text"
              value=""
            />
            <button
              id="form-btn"
            >
              Add!
            </button>
          </form>
        </div>
        <ol
          class="ToDoList"
        />
      </div>
    </div>
  </div>
</DocumentFragment>
`;
