// Jest Snapshot v1, https://goo.gl/fbAQLP

exports[`matches snapshot 1`] = `
<DocumentFragment>
  <li
    class="ToDo"
    id="test-id"
  >
    <button
      class="remove-todo-btn"
    >
      X
    </button>
  </li>
</DocumentFragment>
`;
